// Jest Snapshot v1, https://goo.gl/fbAQLP

exports[`<Banner /> should render the Banner 1`] = `
.c4 {
  display: -webkit-inline-box;
  display: -webkit-inline-flex;
  display: -ms-inline-flexbox;
  display: inline-flex;
  -webkit-align-items: center;
  -webkit-box-align: center;
  -ms-flex-align: center;
  align-items: center;
  -webkit-box-pack: center;
  -webkit-justify-content: center;
  -ms-flex-pack: center;
  justify-content: center;
  background: linear-gradient(180deg,#ff5f5f 0%,#f062c0 50%);
  color: #FAFAFA;
  border: 0;
  border-radius: 0.4rem;
  padding: 0.8rem;
  cursor: pointer;
  outline: 0;
  -webkit-text-decoration: none;
  text-decoration: none;
  height: 4rem;
  font-size: 1.4rem;
  padding: 0.8rem 3.2rem;
}

.c4:hover {
  background: linear-gradient(180deg,#e35565 0%,#d958a6 50%);
}

.c0 {
  width: 100%;
  height: 23rem;
  background-color: #EAEAEA;
  background-image: url(https://source.unsplash.com/user/willianjusten/1042x580);
  background-position: center center;
  background-size: cover;
}

.c1 {
  width: 100%;
  background-color: rgba(0,0,0,0.7);
  padding: 2.4rem;
}

.c2 {
  font-size: 1.8rem;
  font-weight: 600;
  color: #FAFAFA;
}

.c3 {
  color: #FAFAFA;
  font-size: 1.4rem;
  font-weight: 400;
  margin-bottom: 1.6rem;
}

.c3 strong {
  color: #F231A5;
  font-weight: 600;
}

@media (min-width:768px) {
  .c0 {
    height: 58rem;
  }
}

@media (min-width:768px) {
  .c1 {
    border-radius: 0 0 0.4rem 0.4rem;
    padding: 4.0rem;
    position: absolute;
    bottom: 0;
    left: 0;
  }
}

@media (min-width:768px) {
  .c2 {
    font-size: 2.8rem;
  }
}

@media (min-width:768px) {
  .c3 {
    font-size: 1.8rem;
  }
}

<div
  class=""
>
  <div
    aria-label="Defy death"
    class="c0"
    role="img"
    src="https://source.unsplash.com/user/willianjusten/1042x580"
  />
  <div
    class="c1"
  >
    <h2
      class="c2"
    >
      Defy death
    </h2>
    <h3
      class="c3"
    >
      <p>
        Play the new 
        <strong>
          CrashLands
        </strong>
         season
      </p>
    </h3>
    <a
      class="c4"
      href="/games/defy-death"
    >
      <span>
        Buy now
      </span>
    </a>
  </div>
</div>
`
